// Jest Snapshot v1, https://goo.gl/fbAQLP

exports[`Probando mi primer component should show the component PrimeraApp succesfully 1`] = `
<h1>
  Hola Rogelio
</h1>
`;
